anchor : info: uninstalling toolchain 'solana'
At line:1 char:1
+ anchor build 2>&1 | Tee-Object -FilePath "build_output.txt" | Select- ...
+ ~~~~~~~~~~~~~~~~~
    + CategoryInfo          : NotSpecified: (info: uninstalling toolchain 'sol 
   ana':String) [], RemoteException
    + FullyQualifiedErrorId : NativeCommandError
 
info: toolchain 'solana' uninstalled
 Downloading crates ...
  Downloaded ark-ff-macros v0.4.2
  Downloaded ark-serialize-derive v0.4.2
  Downloaded ark-bn254 v0.4.0
  Downloaded zeroize_derive v1.4.3
  Downloaded solana-sdk-macro v2.0.3
  Downloaded ark-serialize v0.4.2
  Downloaded ark-ff-asm v0.4.2
  Downloaded rustversion v1.0.22
  Downloaded byteorder v1.5.0
  Downloaded paste v1.0.15
  Downloaded itertools v0.10.5
  Downloaded solana-program v2.0.3
